<?xml version="1.0" encoding="UTF-8"?>
<testsuites name="jest tests" tests="2" failures="0" errors="0" time="4.121">
  <testsuite name="User authentication" errors="0" failures="0" skipped="0" timestamp="2025-09-29T01:02:49" time="4.072" tests="2">
    <testcase classname="User authentication registers a new user" name="User authentication registers a new user" time="0.3">
    </testcase>
    <testcase classname="User authentication logs in an existing user" name="User authentication logs in an existing user" time="0.168">
    </testcase>
  </testsuite>
</testsuites>